// Jest Snapshot v1, https://goo.gl/fbAQLP

exports[`MainBody should render when component is mounted 1`] = `
<div>
  <div
    class="cardArea"
  >
    <div
      class="cardMain"
    >
      <div
        class="cardImage"
      >
        <img
          src="abstract.png"
        />
      </div>
      <div
        class="cardTime"
      >
        <h5>
          2nd Januray, 2018
        </h5>
        <h5>
          2 mins
        </h5>
      </div>
      <div
        class="cardTitle"
      >
        <h3>
          The future of abstract art and the culture ...
        </h3>
      </div>
      <div
        class="cardDescription"
      >
        <h5>
          Create a blog post subtitle that summarizes your post in a few short, punchy sentences and entices your...
        </h5>
      </div>
      <hr
        id="cardLine"
      />
      <div
        class="cardReaction"
      >
        <div
          class="clapCount"
        >
          <img
            class="clap-button"
            src="clapping.svg"
          />
          <h5
            class="clap"
          >
            10
          </h5>
        </div>
        <img
          alt="blackHeart"
          class="like"
          src="heart-black.svg"
        />
      </div>
    </div>
    <div
      class="cardMain"
    >
      <div
        class="cardImage"
      >
        <img
          src="outdoor.png"
        />
      </div>
      <div
        class="cardTime"
      >
        <h5>
          31st Januray, 2018
        </h5>
        <h5>
          1 min
        </h5>
      </div>
      <div
        class="cardTitle"
      >
        <h3>
          How painting outdoors can transform your 
        </h3>
      </div>
      <div
        class="cardDescription"
      >
        <h5>
          Create a blog post subtitle that summarizes your post in a few short, punchy sentences and entices your...
        </h5>
      </div>
      <hr
        id="cardLine"
      />
      <div
        class="cardReaction"
      >
        <div
          class="clapCount"
        >
          <img
            class="clap-button"
            src="clapping.svg"
          />
          <h5
            class="clap"
          >
            1
          </h5>
        </div>
        <img
          alt="redHeart"
          class="like"
          src="heart-red.svg"
        />
      </div>
    </div>
    <div
      class="cardMain"
    >
      <div
        class="cardImage"
      >
        <img
          src="young-painters.png"
        />
      </div>
      <div
        class="cardTime"
      >
        <h5>
          20th March, 2018
        </h5>
        <h5>
          2 mins
        </h5>
      </div>
      <div
        class="cardTitle"
      >
        <h3>
          10 young painters you need to know
        </h3>
      </div>
      <div
        class="cardDescription"
      >
        <h5>
          Create a blog post subtitle that summarizes your post in a few short, punchy sentences and entices your...
        </h5>
      </div>
      <hr
        id="cardLine"
      />
      <div
        class="cardReaction"
      >
        <div
          class="clapCount"
        >
          <img
            class="clap-button"
            src="clapping.svg"
          />
          <h5
            class="clap"
          >
            15
          </h5>
        </div>
        <img
          alt="blackHeart"
          class="like"
          src="heart-black.svg"
        />
      </div>
    </div>
    <div
      class="cardMain"
    >
      <div
        class="cardImage"
      >
        <img
          src="perfect-art.png"
        />
      </div>
      <div
        class="cardTime"
      >
        <h5>
          22nd June, 2018
        </h5>
        <h5>
          5 mins
        </h5>
      </div>
      <div
        class="cardTitle"
      >
        <h3>
          Tips for creating the perfect art
        </h3>
      </div>
      <div
        class="cardDescription"
      >
        <h5>
          Create a blog post subtitle that summarizes your post in a few short, punchy sentences and entices your...
        </h5>
      </div>
      <hr
        id="cardLine"
      />
      <div
        class="cardReaction"
      >
        <div
          class="clapCount"
        >
          <img
            class="clap-button"
            src="clapping.svg"
          />
          <h5
            class="clap"
          >
            11
          </h5>
        </div>
        <img
          alt="blackHeart"
          class="like"
          src="heart-black.svg"
        />
      </div>
    </div>
    <div
      class="cardMain"
    >
      <div
        class="cardImage"
      >
        <img
          src="inspired.png"
        />
      </div>
      <div
        class="cardTime"
      >
        <h5>
          4th Feburary, 2019
        </h5>
        <h5>
          9 mins
        </h5>
      </div>
      <div
        class="cardTitle"
      >
        <h3>
          Stay inspired: top artists blog ...
        </h3>
      </div>
      <div
        class="cardDescription"
      >
        <h5>
          Create a blog post subtitle that summarizes your post in a few short, punchy sentences and entices your...
        </h5>
      </div>
      <hr
        id="cardLine"
      />
      <div
        class="cardReaction"
      >
        <div
          class="clapCount"
        >
          <img
            class="clap-button"
            src="clapping.svg"
          />
          <h5
            class="clap"
          >
            45
          </h5>
        </div>
        <img
          alt="redHeart"
          class="like"
          src="heart-red.svg"
        />
      </div>
    </div>
    <div
      class="cardMain"
    >
      <div
        class="cardImage"
      >
        <img
          src="reason.png"
        />
      </div>
      <div
        class="cardTime"
      >
        <h5>
          10th Januray, 2019
        </h5>
        <h5>
          2 mins
        </h5>
      </div>
      <div
        class="cardTitle"
      >
        <h3>
          5 reasons why everyone should try an...
        </h3>
      </div>
      <div
        class="cardDescription"
      >
        <h5>
          Create a blog post subtitle that summarizes your post in a few short, punchy sentences and entices your...
        </h5>
      </div>
      <hr
        id="cardLine"
      />
      <div
        class="cardReaction"
      >
        <div
          class="clapCount"
        >
          <img
            class="clap-button"
            src="clapping.svg"
          />
          <h5
            class="clap"
          >
            11
          </h5>
        </div>
        <img
          alt="blackHeart"
          class="like"
          src="heart-black.svg"
        />
      </div>
    </div>
    <div
      class="cardMain"
    >
      <div
        class="cardImage"
      >
        <img
          src="inspired.png"
        />
      </div>
      <div
        class="cardTime"
      >
        <h5>
          4th Feburary, 2019
        </h5>
        <h5>
          9 mins
        </h5>
      </div>
      <div
        class="cardTitle"
      >
        <h3>
          Stay inspired: top artists blog ...
        </h3>
      </div>
      <div
        class="cardDescription"
      >
        <h5>
          Create a blog post subtitle that summarizes your post in a few short, punchy sentences and entices your...
        </h5>
      </div>
      <hr
        id="cardLine"
      />
      <div
        class="cardReaction"
      >
        <div
          class="clapCount"
        >
          <img
            class="clap-button"
            src="clapping.svg"
          />
          <h5
            class="clap"
          >
            45
          </h5>
        </div>
        <img
          alt="redHeart"
          class="like"
          src="heart-red.svg"
        />
      </div>
    </div>
    <div
      class="cardMain"
    >
      <div
        class="cardImage"
      >
        <img
          src="reason.png"
        />
      </div>
      <div
        class="cardTime"
      >
        <h5>
          10th Januray, 2019
        </h5>
        <h5>
          2 mins
        </h5>
      </div>
      <div
        class="cardTitle"
      >
        <h3>
          5 reasons why everyone should try an...
        </h3>
      </div>
      <div
        class="cardDescription"
      >
        <h5>
          Create a blog post subtitle that summarizes your post in a few short, punchy sentences and entices your...
        </h5>
      </div>
      <hr
        id="cardLine"
      />
      <div
        class="cardReaction"
      >
        <div
          class="clapCount"
        >
          <img
            class="clap-button"
            src="clapping.svg"
          />
          <h5
            class="clap"
          >
            11
          </h5>
        </div>
        <img
          alt="blackHeart"
          class="like"
          src="heart-black.svg"
        />
      </div>
    </div>
    <div
      class="cardMain"
    >
      <div
        class="cardImage"
      >
        <img
          src="inspired.png"
        />
      </div>
      <div
        class="cardTime"
      >
        <h5>
          4th Feburary, 2019
        </h5>
        <h5>
          9 mins
        </h5>
      </div>
      <div
        class="cardTitle"
      >
        <h3>
          Stay inspired: top artists blog ...
        </h3>
      </div>
      <div
        class="cardDescription"
      >
        <h5>
          Create a blog post subtitle that summarizes your post in a few short, punchy sentences and entices your...
        </h5>
      </div>
      <hr
        id="cardLine"
      />
      <div
        class="cardReaction"
      >
        <div
          class="clapCount"
        >
          <img
            class="clap-button"
            src="clapping.svg"
          />
          <h5
            class="clap"
          >
            45
          </h5>
        </div>
        <img
          alt="redHeart"
          class="like"
          src="heart-red.svg"
        />
      </div>
    </div>
    <div
      class="cardMain"
    >
      <div
        class="cardImage"
      >
        <img
          src="reason.png"
        />
      </div>
      <div
        class="cardTime"
      >
        <h5>
          10th Januray, 2019
        </h5>
        <h5>
          2 mins
        </h5>
      </div>
      <div
        class="cardTitle"
      >
        <h3>
          5 reasons why everyone should try an...
        </h3>
      </div>
      <div
        class="cardDescription"
      >
        <h5>
          Create a blog post subtitle that summarizes your post in a few short, punchy sentences and entices your...
        </h5>
      </div>
      <hr
        id="cardLine"
      />
      <div
        class="cardReaction"
      >
        <div
          class="clapCount"
        >
          <img
            class="clap-button"
            src="clapping.svg"
          />
          <h5
            class="clap"
          >
            11
          </h5>
        </div>
        <img
          alt="blackHeart"
          class="like"
          src="heart-black.svg"
        />
      </div>
    </div>
  </div>
</div>
`;
